// Jest Snapshot v1, https://goo.gl/fbAQLP

exports[`Visualizations -> Table -> Columns -> Number Editor Changes format 1`] = `
Object {
  "numberFormat": "0.00%",
}
`;
